Archive member included to satisfy reference by file (symbol)

C:/ST/STM32CubeIDE_1.17.0/STM32CubeIDE/plugins/com.st.stm32cube.ide.mcu.externaltools.gnu-tools-for-stm32.13.3.rel1.win32_1.0.0.202411081344/tools/bin/../lib/gcc/arm-none-eabi/13.3.1/../../../../arm-none-eabi/lib/thumb/v7e-m+fp/hard\libc_nano.a(libc_a-exit.o)
                              C:/ST/STM32CubeIDE_1.17.0/STM32CubeIDE/plugins/com.st.stm32cube.ide.mcu.externaltools.gnu-tools-for-stm32.13.3.rel1.win32_1.0.0.202411081344/tools/bin/../lib/gcc/arm-none-eabi/13.3.1/../../../../arm-none-eabi/lib/thumb/v7e-m+fp/hard/crt0.o (exit)
C:/ST/STM32CubeIDE_1.17.0/STM32CubeIDE/plugins/com.st.stm32cube.ide.mcu.externaltools.gnu-tools-for-stm32.13.3.rel1.win32_1.0.0.202411081344/tools/bin/../lib/gcc/arm-none-eabi/13.3.1/../../../../arm-none-eabi/lib/thumb/v7e-m+fp/hard\libc_nano.a(libc_a-findfp.o)
                              C:/ST/STM32CubeIDE_1.17.0/STM32CubeIDE/plugins/com.st.stm32cube.ide.mcu.externaltools.gnu-tools-for-stm32.13.3.rel1.win32_1.0.0.202411081344/tools/bin/../lib/gcc/arm-none-eabi/13.3.1/../../../../arm-none-eabi/lib/thumb/v7e-m+fp/hard\libc_nano.a(libc_a-exit.o) (__stdio_exit_handler)
C:/ST/STM32CubeIDE_1.17.0/STM32CubeIDE/plugins/com.st.stm32cube.ide.mcu.externaltools.gnu-tools-for-stm32.13.3.rel1.win32_1.0.0.202411081344/tools/bin/../lib/gcc/arm-none-eabi/13.3.1/../../../../arm-none-eabi/lib/thumb/v7e-m+fp/hard\libc_nano.a(libc_a-fwalk.o)
                              C:/ST/STM32CubeIDE_1.17.0/STM32CubeIDE/plugins/com.st.stm32cube.ide.mcu.externaltools.gnu-tools-for-stm32.13.3.rel1.win32_1.0.0.202411081344/tools/bin/../lib/gcc/arm-none-eabi/13.3.1/../../../../arm-none-eabi/lib/thumb/v7e-m+fp/hard\libc_nano.a(libc_a-findfp.o) (_fwalk_sglue)
C:/ST/STM32CubeIDE_1.17.0/STM32CubeIDE/plugins/com.st.stm32cube.ide.mcu.externaltools.gnu-tools-for-stm32.13.3.rel1.win32_1.0.0.202411081344/tools/bin/../lib/gcc/arm-none-eabi/13.3.1/../../../../arm-none-eabi/lib/thumb/v7e-m+fp/hard\libc_nano.a(libc_a-stdio.o)
                              C:/ST/STM32CubeIDE_1.17.0/STM32CubeIDE/plugins/com.st.stm32cube.ide.mcu.externaltools.gnu-tools-for-stm32.13.3.rel1.win32_1.0.0.202411081344/tools/bin/../lib/gcc/arm-none-eabi/13.3.1/../../../../arm-none-eabi/lib/thumb/v7e-m+fp/hard\libc_nano.a(libc_a-findfp.o) (__sread)
C:/ST/STM32CubeIDE_1.17.0/STM32CubeIDE/plugins/com.st.stm32cube.ide.mcu.externaltools.gnu-tools-for-stm32.13.3.rel1.win32_1.0.0.202411081344/tools/bin/../lib/gcc/arm-none-eabi/13.3.1/../../../../arm-none-eabi/lib/thumb/v7e-m+fp/hard\libc_nano.a(libc_a-vsnprintf.o)
                              ./Drivers/Console/Console.o (vsnprintf)
C:/ST/STM32CubeIDE_1.17.0/STM32CubeIDE/plugins/com.st.stm32cube.ide.mcu.externaltools.gnu-tools-for-stm32.13.3.rel1.win32_1.0.0.202411081344/tools/bin/../lib/gcc/arm-none-eabi/13.3.1/../../../../arm-none-eabi/lib/thumb/v7e-m+fp/hard\libc_nano.a(libc_a-vsscanf.o)
                              ./Drivers/Console/Console.o (vsscanf)
C:/ST/STM32CubeIDE_1.17.0/STM32CubeIDE/plugins/com.st.stm32cube.ide.mcu.externaltools.gnu-tools-for-stm32.13.3.rel1.win32_1.0.0.202411081344/tools/bin/../lib/gcc/arm-none-eabi/13.3.1/../../../../arm-none-eabi/lib/thumb/v7e-m+fp/hard\libc_nano.a(libc_a-memset.o)
                              C:/ST/STM32CubeIDE_1.17.0/STM32CubeIDE/plugins/com.st.stm32cube.ide.mcu.externaltools.gnu-tools-for-stm32.13.3.rel1.win32_1.0.0.202411081344/tools/bin/../lib/gcc/arm-none-eabi/13.3.1/../../../../arm-none-eabi/lib/thumb/v7e-m+fp/hard/crt0.o (memset)
C:/ST/STM32CubeIDE_1.17.0/STM32CubeIDE/plugins/com.st.stm32cube.ide.mcu.externaltools.gnu-tools-for-stm32.13.3.rel1.win32_1.0.0.202411081344/tools/bin/../lib/gcc/arm-none-eabi/13.3.1/../../../../arm-none-eabi/lib/thumb/v7e-m+fp/hard\libc_nano.a(libc_a-closer.o)
                              C:/ST/STM32CubeIDE_1.17.0/STM32CubeIDE/plugins/com.st.stm32cube.ide.mcu.externaltools.gnu-tools-for-stm32.13.3.rel1.win32_1.0.0.202411081344/tools/bin/../lib/gcc/arm-none-eabi/13.3.1/../../../../arm-none-eabi/lib/thumb/v7e-m+fp/hard\libc_nano.a(libc_a-stdio.o) (_close_r)
C:/ST/STM32CubeIDE_1.17.0/STM32CubeIDE/plugins/com.st.stm32cube.ide.mcu.externaltools.gnu-tools-for-stm32.13.3.rel1.win32_1.0.0.202411081344/tools/bin/../lib/gcc/arm-none-eabi/13.3.1/../../../../arm-none-eabi/lib/thumb/v7e-m+fp/hard\libc_nano.a(libc_a-reent.o)
                              C:/ST/STM32CubeIDE_1.17.0/STM32CubeIDE/plugins/com.st.stm32cube.ide.mcu.externaltools.gnu-tools-for-stm32.13.3.rel1.win32_1.0.0.202411081344/tools/bin/../lib/gcc/arm-none-eabi/13.3.1/../../../../arm-none-eabi/lib/thumb/v7e-m+fp/hard\libc_nano.a(libc_a-closer.o) (errno)
C:/ST/STM32CubeIDE_1.17.0/STM32CubeIDE/plugins/com.st.stm32cube.ide.mcu.externaltools.gnu-tools-for-stm32.13.3.rel1.win32_1.0.0.202411081344/tools/bin/../lib/gcc/arm-none-eabi/13.3.1/../../../../arm-none-eabi/lib/thumb/v7e-m+fp/hard\libc_nano.a(libc_a-impure.o)
[...]
Memory Configuration

Name             Origin             Length             Attributes
CCMRAM           0x10000000         0x00010000         xrw
RAM              0x20000000         0x00020000         xrw
FLASH            0x08000000         0x00100000         xr
*default*        0x00000000         0xffffffff

Linker script and memory map

LOAD C:/ST/STM32CubeIDE_1.17.0/STM32CubeIDE/plugins/com.st.stm32cube.ide.mcu.externaltools.gnu-tools-for-stm32.13.3.rel1.win32_1.0.0.202411081344/tools/bin/../lib/gcc/arm-none-eabi/13.3.1/thumb/v7e-m+fp/hard/crti.o
LOAD C:/ST/STM32CubeIDE_1.17.0/STM32CubeIDE/plugins/com.st.stm32cube.ide.mcu.externaltools.gnu-tools-for-stm32.13.3.rel1.win32_1.0.0.202411081344/tools/bin/../lib/gcc/arm-none-eabi/13.3.1/thumb/v7e-m+fp/hard/crtbegin.o
LOAD C:/ST/STM32CubeIDE_1.17.0/STM32CubeIDE/plugins/com.st.stm32cube.ide.mcu.externaltools.gnu-tools-for-stm32.13.3.rel1.win32_1.0.0.202411081344/tools/bin/../lib/gcc/arm-none-eabi/13.3.1/../../../../arm-none-eabi/lib/thumb/v7e-m+fp/hard/crt0.o
LOAD ./Devices/W25Qxx/W25Qxx.o
LOAD ./Drivers/CRC/CRC.o
LOAD ./Drivers/Console/Console.o
LOAD ./Drivers/DMA/DMA.o
LOAD ./Drivers/GPIO/GPIO.o
LOAD ./Drivers/SPI/SPI.o
LOAD ./Drivers/USART/USART.o
LOAD ./Ext_Logger/Ext_Logger.o
LOAD ./Src/main.o
LOAD ./Src/syscalls.o
LOAD ./Src/sysmem.o
LOAD ./Src/system_stm32f4xx.o
LOAD ./Startup/startup_stm32f407vgtx.o
START GROUP
LOAD C:/ST/STM32CubeIDE_1.17.0/STM32CubeIDE/plugins/com.st.stm32cube.ide.mcu.externaltools.gnu-tools-for-stm32.13.3.rel1.win32_1.0.0.202411081344/tools/bin/../lib/gcc/arm-none-eabi/13.3.1/../../../../arm-none-eabi/lib/thumb/v7e-m+fp/hard\libc_nano.a
LOAD C:/ST/STM32CubeIDE_1.17.0/STM32CubeIDE/plugins/com.st.stm32cube.ide.mcu.externaltools.gnu-tools-for-stm32.13.3.rel1.win32_1.0.0.202411081344/tools/bin/../lib/gcc/arm-none-eabi/13.3.1/../../../../arm-none-eabi/lib/thumb/v7e-m+fp/hard\libm.a
END GROUP
START GROUP
LOAD C:/ST/STM32CubeIDE_1.17.0/STM32CubeIDE/plugins/com.st.stm32cube.ide.mcu.externaltools.gnu-tools-for-stm32.13.3.rel1.win32_1.0.0.202411081344/tools/bin/../lib/gcc/arm-none-eabi/13.3.1/thumb/v7e-m+fp/hard\libgcc.a
LOAD C:/ST/STM32CubeIDE_1.17.0/STM32CubeIDE/plugins/com.st.stm32cube.ide.mcu.externaltools.gnu-tools-for-stm32.13.3.rel1.win32_1.0.0.202411081344/tools/bin/../lib/gcc/arm-none-eabi/13.3.1/../../../../arm-none-eabi/lib/thumb/v7e-m+fp/hard\libc_nano.a
END GROUP
START GROUP
LOAD C:/ST/STM32CubeIDE_1.17.0/STM32CubeIDE/plugins/com.st.stm32cube.ide.mcu.externaltools.gnu-tools-for-stm32.13.3.rel1.win32_1.0.0.202411081344/tools/bin/../lib/gcc/arm-none-eabi/13.3.1/thumb/v7e-m+fp/hard\libgcc.a
LOAD C:/ST/STM32CubeIDE_1.17.0/STM32CubeIDE/plugins/com.st.stm32cube.ide.mcu.externaltools.gnu-tools-for-stm32.13.3.rel1.win32_1.0.0.202411081344/tools/bin/../lib/gcc/arm-none-eabi/13.3.1/../../../../arm-none-eabi/lib/thumb/v7e-m+fp/hard\libc_nano.a
LOAD C:/ST/STM32CubeIDE_1.17.0/STM32CubeIDE/plugins/com.st.stm32cube.ide.mcu.externaltools.gnu-tools-for-stm32.13.3.rel1.win32_1.0.0.202411081344/tools/bin/../lib/gcc/arm-none-eabi/13.3.1/../../../../arm-none-eabi/lib/thumb/v7e-m+fp/hard\libnosys.a
END GROUP
START GROUP
LOAD C:/ST/STM32CubeIDE_1.17.0/STM32CubeIDE/plugins/com.st.stm32cube.ide.mcu.externaltools.gnu-tools-for-stm32.13.3.rel1.win32_1.0.0.202411081344/tools/bin/../lib/gcc/arm-none-eabi/13.3.1/thumb/v7e-m+fp/hard\libgcc.a
LOAD C:/ST/STM32CubeIDE_1.17.0/STM32CubeIDE/plugins/com.st.stm32cube.ide.mcu.externaltools.gnu-tools-for-stm32.13.3.rel1.win32_1.0.0.202411081344/tools/bin/../lib/gcc/arm-none-eabi/13.3.1/../../../../arm-none-eabi/lib/thumb/v7e-m+fp/hard\libc_nano.a
LOAD C:/ST/STM32CubeIDE_1.17.0/STM32CubeIDE/plugins/com.st.stm32cube.ide.mcu.externaltools.gnu-tools-for-stm32.13.3.rel1.win32_1.0.0.202411081344/tools/bin/../lib/gcc/arm-none-eabi/13.3.1/../../../../arm-none-eabi/lib/thumb/v7e-m+fp/hard\libnosys.a
END GROUP
LOAD C:/ST/STM32CubeIDE_1.17.0/STM32CubeIDE/plugins/com.st.stm32cube.ide.mcu.externaltools.gnu-tools-for-stm32.13.3.rel1.win32_1.0.0.202411081344/tools/bin/../lib/gcc/arm-none-eabi/13.3.1/thumb/v7e-m+fp/hard/crtend.o
LOAD C:/ST/STM32CubeIDE_1.17.0/STM32CubeIDE/plugins/com.st.stm32cube.ide.mcu.externaltools.gnu-tools-for-stm32.13.3.rel1.win32_1.0.0.202411081344/tools/bin/../lib/gcc/arm-none-eabi/13.3.1/thumb/v7e-m+fp/hard/crtn.o
                0x20020000                        _estack = (ORIGIN (RAM) + LENGTH (RAM))
                0x00000200                        _Min_Heap_Size = 0x200
                0x00000400                        _Min_Stack_Size = 0x400

.isr_vector     0x08000000      0x188
                0x08000000                        . = ALIGN (0x4)
 *(.isr_vector)
 .isr_vector    0x08000000      0x188 ./Startup/startup_stm32f407vgtx.o
                0x08000000                g_pfnVectors
                0x08000188                        . = ALIGN (0x4)

.text           0x08000188     0x1c54
                0x08000188                        . = ALIGN (0x4)
 *(.text)
 .text          0x08000188       0x40 C:/ST/STM32CubeIDE_1.17.0/STM32CubeIDE/plugins/com.st.stm32cube.ide.mcu.externaltools.gnu-tools-for-stm32.13.3.rel1.win32_1.0.0.202411081344/tools/bin/../lib/gcc/arm-none-eabi/13.3.1/thumb/v7e-m+fp/hard/crtbegin.o
 *(.text*)
 .text.DMA1_Stream0_IRQHandler
                0x080001c8      0x194 ./Drivers/DMA/DMA.o
                0x080001c8                DMA1_Stream0_IRQHandler
 .text.DMA1_Stream1_IRQHandler
                0x0800035c      0x194 ./Drivers/DMA/DMA.o
                0x0800035c                DMA1_Stream1_IRQHandler
 .text.DMA1_Stream2_IRQHandler
                0x080004f0      0x1a4 ./Drivers/DMA/DMA.o
                0x080004f0                DMA1_Stream2_IRQHandler
 .text.DMA1_Stream3_IRQHandler
                0x08000694      0x194 ./Drivers/DMA/DMA.o
                0x08000694                DMA1_Stream3_IRQHandler
 .text.DMA1_Stream4_IRQHandler
                0x08000828      0x150 ./Drivers/DMA/DMA.o
                0x08000828                DMA1_Stream4_IRQHandler
 .text.DMA1_Stream5_IRQHandler
                0x08000978      0x150 ./Drivers/DMA/DMA.o
                0x08000978                DMA1_Stream5_IRQHandler
 .text.DMA1_Stream6_IRQHandler
                0x08000ac8      0x150 ./Drivers/DMA/DMA.o
                0x08000ac8                DMA1_Stream6_IRQHandler
 .text.DMA1_Stream7_IRQHandler
                0x08000c18      0x150 ./Drivers/DMA/DMA.o
                0x08000c18                DMA1_Stream7_IRQHandler
 .text.DMA2_Stream0_IRQHandler
                0x08000d68      0x194 ./Drivers/DMA/DMA.o
                0x08000d68                DMA2_Stream0_IRQHandler
 .text.DMA2_Stream1_IRQHandler
                0x08000efc      0x150 ./Drivers/DMA/DMA.o
                0x08000efc                DMA2_Stream1_IRQHandler
 .text.DMA2_Stream2_IRQHandler
                0x0800104c      0x150 ./Drivers/DMA/DMA.o
                0x0800104c                DMA2_Stream2_IRQHandler
 .text.DMA2_Stream3_IRQHandler
                0x0800119c      0x194 ./Drivers/DMA/DMA.o
                0x0800119c                DMA2_Stream3_IRQHandler
 .text.DMA2_Stream4_IRQHandler
                0x08001330      0x150 ./Drivers/DMA/DMA.o
                0x08001330                DMA2_Stream4_IRQHandler
 .text.DMA2_Stream5_IRQHandler
                0x08001480      0x150 ./Drivers/DMA/DMA.o
                0x08001480                DMA2_Stream5_IRQHandler
 .text.DMA2_Stream6_IRQHandler
                0x080015d0      0x150 ./Drivers/DMA/DMA.o
                0x080015d0                DMA2_Stream6_IRQHandler
 .text.DMA2_Stream7_IRQHandler
                0x08001720      0x150 ./Drivers/DMA/DMA.o
                0x08001720                DMA2_Stream7_IRQHandler
 .text.EXTI0_IRQHandler
                0x08001870       0x2c ./Drivers/GPIO/GPIO.o
                0x08001870                EXTI0_IRQHandler
 .text.EXTI1_IRQHandler
                0x0800189c       0x2c ./Drivers/GPIO/GPIO.o
                0x0800189c                EXTI1_IRQHandler
 .text.EXTI2_IRQHandler
                0x080018c8       0x2c ./Drivers/GPIO/GPIO.o
                0x080018c8                EXTI2_IRQHandler
 .text.EXTI3_IRQHandler
                0x080018f4       0x2c ./Drivers/GPIO/GPIO.o
                0x080018f4                EXTI3_IRQHandler
 .text.EXTI4_IRQHandler
                0x08001920       0x2c ./Drivers/GPIO/GPIO.o
                0x08001920                EXTI4_IRQHandler
 .text.EXTI9_5_IRQHandler
                0x0800194c       0x68 ./Drivers/GPIO/GPIO.o
                0x0800194c                EXTI9_5_IRQHandler
 .text.EXTI15_10_IRQHandler
                0x080019b4       0x68 ./Drivers/GPIO/GPIO.o
                0x080019b4                EXTI15_10_IRQHandler
 .text.UART4_IRQHandler
                0x08001a1c      0x170 ./Drivers/USART/USART.o
                0x08001a1c                UART4_IRQHandler
 .text.USART1_IRQHandler
                0x08001b8c      0x170 ./Drivers/USART/USART.o
                0x08001b8c                USART1_IRQHandler
 .text.main     0x08001cfc        0x8 ./Src/main.o
                0x08001cfc                main
 .text.SystemInit
                0x08001d04       0x24 ./Src/system_stm32f4xx.o
                0x08001d04                SystemInit
 .text.Reset_Handler
                0x08001d28       0x50 ./Startup/startup_stm32f407vgtx.o
                0x08001d28                Reset_Handler
 .text.Default_Handler
                0x08001d78        0x2 ./Startup/startup_stm32f407vgtx.o
                0x08001d78                RTC_Alarm_IRQHandler
                0x08001d78                HASH_RNG_IRQHandler
                0x08001d78                TIM8_CC_IRQHandler
                0x08001d78                DebugMon_Handler
                0x08001d78                TIM1_CC_IRQHandler
                0x08001d78                HardFault_Handler
                0x08001d78                SysTick_Handler
                0x08001d78                PVD_IRQHandler
                0x08001d78                SDIO_IRQHandler
                0x08001d78                TAMP_STAMP_IRQHandler
                0x08001d78                PendSV_Handler
                0x08001d78                NMI_Handler
                0x08001d78                CAN2_RX1_IRQHandler
                0x08001d78                TIM8_TRG_COM_TIM14_IRQHandler
                0x08001d78                TIM1_UP_TIM10_IRQHandler
                0x08001d78                TIM8_UP_TIM13_IRQHandler
                0x08001d78                I2C3_ER_IRQHandler
                0x08001d78                I2C2_EV_IRQHandler
                0x08001d78                CAN1_RX0_IRQHandler
                0x08001d78                FPU_IRQHandler
                0x08001d78                OTG_HS_WKUP_IRQHandler
                0x08001d78                UsageFault_Handler
                0x08001d78                CAN2_SCE_IRQHandler
                0x08001d78                SPI1_IRQHandler
                0x08001d78                TIM6_DAC_IRQHandler
                0x08001d78                TIM1_BRK_TIM9_IRQHandler
                0x08001d78                DCMI_IRQHandler
                0x08001d78                CAN2_RX0_IRQHandler
                0x08001d78                USART6_IRQHandler
                0x08001d78                USART3_IRQHandler
                0x08001d78                CRYP_IRQHandler
                0x08001d78                CAN1_RX1_IRQHandler
                0x08001d78                UART5_IRQHandler
                0x08001d78                TIM4_IRQHandler
                0x08001d78                I2C1_EV_IRQHandler
                0x08001d78                TIM3_IRQHandler
                0x08001d78                RCC_IRQHandler
                0x08001d78                TIM8_BRK_TIM12_IRQHandler
                0x08001d78                Default_Handler
                0x08001d78                ADC_IRQHandler
                0x08001d78                TIM7_IRQHandler
                0x08001d78                CAN2_TX_IRQHandler
                0x08001d78                TIM5_IRQHandler
                0x08001d78                I2C3_EV_IRQHandler
                0x08001d78                RTC_WKUP_IRQHandler
                0x08001d78                ETH_WKUP_IRQHandler
                0x08001d78                SPI2_IRQHandler
                0x08001d78                OTG_HS_EP1_IN_IRQHandler
                0x08001d78                MemManage_Handler
                0x08001d78                CAN1_TX_IRQHandler
                0x08001d78                SVC_Handler
                0x08001d78                FSMC_IRQHandler
                0x08001d78                ETH_IRQHandler
                0x08001d78                OTG_HS_EP1_OUT_IRQHandler
                0x08001d78                WWDG_IRQHandler
                0x08001d78                TIM2_IRQHandler
                0x08001d78                OTG_FS_WKUP_IRQHandler
                0x08001d78                TIM1_TRG_COM_TIM11_IRQHandler
                0x08001d78                OTG_HS_IRQHandler
                0x08001d78                USART2_IRQHandler
                0x08001d78                I2C2_ER_IRQHandler
                0x08001d78                CAN1_SCE_IRQHandler
                0x08001d78                BusFault_Handler
                0x08001d78                OTG_FS_IRQHandler
                0x08001d78                SPI3_IRQHandler
                0x08001d78                I2C1_ER_IRQHandler
 *fill*         0x08001d7a        0x2 
 .text.__libc_init_array
                0x08001d7c       0x48 C:/ST/STM32CubeIDE_1.17.0/STM32CubeIDE/plugins/com.st.stm32cube.ide.mcu.externaltools.gnu-tools-for-stm32.13.3.rel1.win32_1.0.0.202411081344/tools/bin/../lib/gcc/arm-none-eabi/13.3.1/../../../../arm-none-eabi/lib/thumb/v7e-m+fp/hard\libc_nano.a(libc_a-init.o)
                0x08001d7c                __libc_init_array
 *(.glue_7)
 .glue_7        0x08001dc4        0x0 linker stubs
 *(.glue_7t)
 .glue_7t       0x08001dc4        0x0 linker stubs
 *(.eh_frame)
 .eh_frame      0x08001dc4        0x0 C:/ST/STM32CubeIDE_1.17.0/STM32CubeIDE/plugins/com.st.stm32cube.ide.mcu.externaltools.gnu-tools-for-stm32.13.3.rel1.win32_1.0.0.202411081344/tools/bin/../lib/gcc/arm-none-eabi/13.3.1/thumb/v7e-m+fp/hard/crtbegin.o
 *(.init)
 .init          0x08001dc4        0x4 C:/ST/STM32CubeIDE_1.17.0/STM32CubeIDE/plugins/com.st.stm32cube.ide.mcu.externaltools.gnu-tools-for-stm32.13.3.rel1.win32_1.0.0.202411081344/tools/bin/../lib/gcc/arm-none-eabi/13.3.1/thumb/v7e-m+fp/hard/crti.o
                0x08001dc4                _init
 .init          0x08001dc8        0x8 C:/ST/STM32CubeIDE_1.17.0/STM32CubeIDE/plugins/com.st.stm32cube.ide.mcu.externaltools.gnu-tools-for-stm32.13.3.rel1.win32_1.0.0.202411081344/tools/bin/../lib/gcc/arm-none-eabi/13.3.1/thumb/v7e-m+fp/hard/crtn.o
 *(.fini)
 .fini          0x08001dd0        0x4 C:/ST/STM32CubeIDE_1.17.0/STM32CubeIDE/plugins/com.st.stm32cube.ide.mcu.externaltools.gnu-tools-for-stm32.13.3.rel1.win32_1.0.0.202411081344/tools/bin/../lib/gcc/arm-none-eabi/13.3.1/thumb/v7e-m+fp/hard/crti.o
                0x08001dd0                _fini
 .fini          0x08001dd4        0x8 C:/ST/STM32CubeIDE_1.17.0/STM32CubeIDE/plugins/com.st.stm32cube.ide.mcu.externaltools.gnu-tools-for-stm32.13.3.rel1.win32_1.0.0.202411081344/tools/bin/../lib/gcc/arm-none-eabi/13.3.1/thumb/v7e-m+fp/hard/crtn.o
                0x08001ddc                        . = ALIGN (0x4)
                0x08001ddc                        _etext = .

.vfp11_veneer   0x08001ddc        0x0
 .vfp11_veneer  0x08001ddc        0x0 linker stubs

.v4_bx          0x08001ddc        0x0
 .v4_bx         0x08001ddc        0x0 linker stubs

.iplt           0x08001ddc        0x0
 .iplt          0x08001ddc        0x0 C:/ST/STM32CubeIDE_1.17.0/STM32CubeIDE/plugins/com.st.stm32cube.ide.mcu.externaltools.gnu-tools-for-stm32.13.3.rel1.win32_1.0.0.202411081344/tools/bin/../lib/gcc/arm-none-eabi/13.3.1/thumb/v7e-m+fp/hard/crtbegin.o

.rodata         0x08001ddc        0x0
                0x08001ddc                        . = ALIGN (0x4)
 *(.rodata)
 *(.rodata*)
                0x08001ddc                        . = ALIGN (0x4)

.ARM.extab      0x08001ddc        0x0
                0x08001ddc                        . = ALIGN (0x4)
 *(.ARM.extab* .gnu.linkonce.armextab.*)
                0x08001ddc                        . = ALIGN (0x4)

.ARM            0x08001ddc        0x0
                0x08001ddc                        . = ALIGN (0x4)
                0x08001ddc                        __exidx_start = .
 *(.ARM.exidx*)
                0x08001ddc                        __exidx_end = .
                0x08001ddc                        . = ALIGN (0x4)

.preinit_array  0x08001ddc        0x0
                0x08001ddc                        . = ALIGN (0x4)
                0x08001ddc                        PROVIDE (__preinit_array_start = .)
 *(.preinit_array*)
                0x08001ddc                        PROVIDE (__preinit_array_end = .)
                0x08001ddc                        . = ALIGN (0x4)

.init_array     0x08001ddc        0x4
                0x08001ddc                        . = ALIGN (0x4)
                0x08001ddc                        PROVIDE (__init_array_start = .)
 *(SORT_BY_NAME(.init_array.*))
 *(.init_array*)
 .init_array    0x08001ddc        0x4 C:/ST/STM32CubeIDE_1.17.0/STM32CubeIDE/plugins/com.st.stm32cube.ide.mcu.externaltools.gnu-tools-for-stm32.13.3.rel1.win32_1.0.0.202411081344/tools/bin/../lib/gcc/arm-none-eabi/13.3.1/thumb/v7e-m+fp/hard/crtbegin.o
                0x08001de0                        PROVIDE (__init_array_end = .)
                0x08001de0                        . = ALIGN (0x4)

.fini_array     0x08001de0        0x4
                0x08001de0                        . = ALIGN (0x4)
                [!provide]                        PROVIDE (__fini_array_start = .)
 *(SORT_BY_NAME(.fini_array.*))
 *(.fini_array*)
 .fini_array    0x08001de0        0x4 C:/ST/STM32CubeIDE_1.17.0/STM32CubeIDE/plugins/com.st.stm32cube.ide.mcu.externaltools.gnu-tools-for-stm32.13.3.rel1.win32_1.0.0.202411081344/tools/bin/../lib/gcc/arm-none-eabi/13.3.1/thumb/v7e-m+fp/hard/crtbegin.o
                [!provide]                        PROVIDE (__fini_array_end = .)
                0x08001de4                        . = ALIGN (0x4)
                0x08001de4                        _sidata = LOADADDR (.data)

.rel.dyn        0x08001de4        0x0
 .rel.iplt      0x08001de4        0x0 C:/ST/STM32CubeIDE_1.17.0/STM32CubeIDE/plugins/com.st.stm32cube.ide.mcu.externaltools.gnu-tools-for-stm32.13.3.rel1.win32_1.0.0.202411081344/tools/bin/../lib/gcc/arm-none-eabi/13.3.1/thumb/v7e-m+fp/hard/crtbegin.o

.data           0x20000000        0x0 load address 0x08001de4
                0x20000000                        . = ALIGN (0x4)
                0x20000000                        _sdata = .
 *(.data)
 *(.data*)
 *(.RamFunc)
 *(.RamFunc*)
                0x20000000                        . = ALIGN (0x4)
                0x20000000                        _edata = .
                0x08001de4                        _siccmram = LOADADDR (.ccmram)

.igot.plt       0x20000000        0x0 load address 0x08001de4
 .igot.plt      0x20000000        0x0 C:/ST/STM32CubeIDE_1.17.0/STM32CubeIDE/plugins/com.st.stm32cube.ide.mcu.externaltools.gnu-tools-for-stm32.13.3.rel1.win32_1.0.0.202411081344/tools/bin/../lib/gcc/arm-none-eabi/13.3.1/thumb/v7e-m+fp/hard/crtbegin.o

.ccmram         0x10000000        0x0 load address 0x08001de4
                0x10000000                        . = ALIGN (0x4)
                0x10000000                        _sccmram = .
 *(.ccmram)
 *(.ccmram*)
                0x10000000                        . = ALIGN (0x4)
                0x10000000                        _eccmram = .
                0x10000000                        . = ALIGN (0x4)

.bss            0x20000000       0xb0
                0x20000000                        _sbss = .
                0x20000000                        __bss_start__ = _sbss
 *(.bss)
 .bss           0x20000000       0x1c C:/ST/STM32CubeIDE_1.17.0/STM32CubeIDE/plugins/com.st.stm32cube.ide.mcu.externaltools.gnu-tools-for-stm32.13.3.rel1.win32_1.0.0.202411081344/tools/bin/../lib/gcc/arm-none-eabi/13.3.1/thumb/v7e-m+fp/hard/crtbegin.o
 *(.bss*)
 .bss.__DMA1_Stream0_Config__
                0x2000001c        0x4 ./Drivers/DMA/DMA.o
                0x2000001c                __DMA1_Stream0_Config__
 .bss.__DMA1_Stream1_Config__
                0x20000020        0x4 ./Drivers/DMA/DMA.o
                0x20000020                __DMA1_Stream1_Config__
 .bss.__DMA1_Stream2_Config__
                0x20000024        0x4 ./Drivers/DMA/DMA.o
                0x20000024                __DMA1_Stream2_Config__
 .bss.__DMA1_Stream3_Config__
                0x20000028        0x4 ./Drivers/DMA/DMA.o
                0x20000028                __DMA1_Stream3_Config__
 .bss.__DMA1_Stream4_Config__
                0x2000002c        0x4 ./Drivers/DMA/DMA.o
                0x2000002c                __DMA1_Stream4_Config__
 .bss.__DMA1_Stream5_Config__
                0x20000030        0x4 ./Drivers/DMA/DMA.o
                0x20000030                __DMA1_Stream5_Config__
 .bss.__DMA1_Stream6_Config__
                0x20000034        0x4 ./Drivers/DMA/DMA.o
                0x20000034                __DMA1_Stream6_Config__
 .bss.__DMA1_Stream7_Config__
                0x20000038        0x4 ./Drivers/DMA/DMA.o
                0x20000038                __DMA1_Stream7_Config__
 .bss.__DMA2_Stream0_Config__
                0x2000003c        0x4 ./Drivers/DMA/DMA.o
                0x2000003c                __DMA2_Stream0_Config__
 .bss.__DMA2_Stream1_Config__
                0x20000040        0x4 ./Drivers/DMA/DMA.o
                0x20000040                __DMA2_Stream1_Config__
 .bss.__DMA2_Stream2_Config__
                0x20000044        0x4 ./Drivers/DMA/DMA.o
                0x20000044                __DMA2_Stream2_Config__
 .bss.__DMA2_Stream3_Config__
                0x20000048        0x4 ./Drivers/DMA/DMA.o
                0x20000048                __DMA2_Stream3_Config__
 .bss.__DMA2_Stream4_Config__
                0x2000004c        0x4 ./Drivers/DMA/DMA.o
                0x2000004c                __DMA2_Stream4_Config__
 .bss.__DMA2_Stream5_Config__
                0x20000050        0x4 ./Drivers/DMA/DMA.o
                0x20000050                __DMA2_Stream5_Config__
 .bss.__DMA2_Stream6_Config__
                0x20000054        0x4 ./Drivers/DMA/DMA.o
                0x20000054                __DMA2_Stream6_Config__
 .bss.__DMA2_Stream7_Config__
                0x20000058        0x4 ./Drivers/DMA/DMA.o
                0x20000058                __DMA2_Stream7_Config__
 .bss.DMA_LISR  0x2000005c        0x4 ./Drivers/DMA/DMA.o
                0x2000005c                DMA_LISR
 .bss.DMA_HISR  0x20000060        0x4 ./Drivers/DMA/DMA.o
                0x20000060                DMA_HISR
 .bss.EXTI_ISR  0x20000064       0x40 ./Drivers/GPIO/GPIO.o
                0x20000064                EXTI_ISR
 .bss.__usart_1_config__
                0x200000a4        0x4 ./Drivers/USART/USART.o
                0x200000a4                __usart_1_config__
 .bss.__usart_4_config__
                0x200000a8        0x4 ./Drivers/USART/USART.o
                0x200000a8                __usart_4_config__
 .bss.USART_SR  0x200000ac        0x2 ./Drivers/USART/USART.o
                0x200000ac                USART_SR
 *(COMMON)
                0x200000b0                        . = ALIGN (0x4)
 *fill*         0x200000ae        0x2 
                0x200000b0                        _ebss = .
                0x200000b0                        __bss_end__ = _ebss

._user_heap_stack
                0x200000b0      0x600
                0x200000b0                        . = ALIGN (0x8)
                [!provide]                        PROVIDE (end = .)
                0x200000b0                        PROVIDE (_end = .)
                0x200002b0                        . = (. + _Min_Heap_Size)
 *fill*         0x200000b0      0x200 
                0x200006b0                        . = (. + _Min_Stack_Size)
 *fill*         0x200002b0      0x400 
                0x200006b0                        . = ALIGN (0x8)

/DISCARD/
 libc.a(*)
 libm.a(*)
 libgcc.a(*)

.ARM.attributes
                0x00000000       0x30
 *(.ARM.attributes)
 .ARM.attributes
                0x00000000       0x22 C:/ST/STM32CubeIDE_1.17.0/STM32CubeIDE/plugins/com.st.stm32cube.ide.mcu.externaltools.gnu-tools-for-stm32.13.3.rel1.win32_1.0.0.202411081344/tools/bin/../lib/gcc/arm-none-eabi/13.3.1/thumb/v7e-m+fp/hard/crti.o
 .ARM.attributes
                0x00000022       0x34 C:/ST/STM32CubeIDE_1.17.0/STM32CubeIDE/plugins/com.st.stm32cube.ide.mcu.externaltools.gnu-tools-for-stm32.13.3.rel1.win32_1.0.0.202411081344/tools/bin/../lib/gcc/arm-none-eabi/13.3.1/thumb/v7e-m+fp/hard/crtbegin.o
 .ARM.attributes
                0x00000056       0x34 ./Drivers/DMA/DMA.o
 .ARM.attributes
                0x0000008a       0x34 ./Drivers/GPIO/GPIO.o
 .ARM.attributes
                0x000000be       0x34 ./Drivers/USART/USART.o
 .ARM.attributes
                0x000000f2       0x34 ./Src/main.o
 .ARM.attributes
                0x00000126       0x34 ./Src/system_stm32f4xx.o
 .ARM.attributes
                0x0000015a       0x21 ./Startup/startup_stm32f407vgtx.o
 .ARM.attributes
                0x0000017b       0x34 C:/ST/STM32CubeIDE_1.17.0/STM32CubeIDE/plugins/com.st.stm32cube.ide.mcu.externaltools.gnu-tools-for-stm32.13.3.rel1.win32_1.0.0.202411081344/tools/bin/../lib/gcc/arm-none-eabi/13.3.1/../../../../arm-none-eabi/lib/thumb/v7e-m+fp/hard\libc_nano.a(libc_a-init.o)
 .ARM.attributes
                0x000001af       0x22 C:/ST/STM32CubeIDE_1.17.0/STM32CubeIDE/plugins/com.st.stm32cube.ide.mcu.externaltools.gnu-tools-for-stm32.13.3.rel1.win32_1.0.0.202411081344/tools/bin/../lib/gcc/arm-none-eabi/13.3.1/thumb/v7e-m+fp/hard/crtn.o
OUTPUT(Ext_Logger.elf elf32-littlearm)
LOAD linker stubs
LOAD C:/ST/STM32CubeIDE_1.17.0/STM32CubeIDE/plugins/com.st.stm32cube.ide.mcu.externaltools.gnu-tools-for-stm32.13.3.rel1.win32_1.0.0.202411081344/tools/bin/../lib/gcc/arm-none-eabi/13.3.1/../../../../arm-none-eabi/lib/thumb/v7e-m+fp/hard\libc.a
LOAD C:/ST/STM32CubeIDE_1.17.0/STM32CubeIDE/plugins/com.st.stm32cube.ide.mcu.externaltools.gnu-tools-for-stm32.13.3.rel1.win32_1.0.0.202411081344/tools/bin/../lib/gcc/arm-none-eabi/13.3.1/../../../../arm-none-eabi/lib/thumb/v7e-m+fp/hard\libm.a
LOAD C:/ST/STM32CubeIDE_1.17.0/STM32CubeIDE/plugins/com.st.stm32cube.ide.mcu.externaltools.gnu-tools-for-stm32.13.3.rel1.win32_1.0.0.202411081344/tools/bin/../lib/gcc/arm-none-eabi/13.3.1/thumb/v7e-m+fp/hard\libgcc.a

.debug_info     0x00000000     0x5059
 .debug_info    0x00000000     0x13a4 ./Drivers/DMA/DMA.o
 .debug_info    0x000013a4      0xfca ./Drivers/GPIO/GPIO.o
 .debug_info    0x0000236e     0x2706 ./Drivers/USART/USART.o
 .debug_info    0x00004a74       0xaa ./Src/main.o
 .debug_info    0x00004b1e      0x50b ./Src/system_stm32f4xx.o
 .debug_info    0x00005029       0x30 ./Startup/startup_stm32f407vgtx.o

.debug_abbrev   0x00000000      0x9ca
 .debug_abbrev  0x00000000      0x23c ./Drivers/DMA/DMA.o
 .debug_abbrev  0x0000023c      0x275 ./Drivers/GPIO/GPIO.o
 .debug_abbrev  0x000004b1      0x394 ./Drivers/USART/USART.o
 .debug_abbrev  0x00000845       0x47 ./Src/main.o
 .debug_abbrev  0x0000088c      0x11a ./Src/system_stm32f4xx.o
 .debug_abbrev  0x000009a6       0x24 ./Startup/startup_stm32f407vgtx.o

.debug_aranges  0x00000000      0x2d8
 .debug_aranges
                0x00000000       0xe0 ./Drivers/DMA/DMA.o
 .debug_aranges
                0x000000e0       0x80 ./Drivers/GPIO/GPIO.o
 .debug_aranges
                0x00000160      0x108 ./Drivers/USART/USART.o
 .debug_aranges
                0x00000268       0x20 ./Src/main.o
 .debug_aranges
                0x00000288       0x28 ./Src/system_stm32f4xx.o
 .debug_aranges
                0x000002b0       0x28 ./Startup/startup_stm32f407vgtx.o

.debug_rnglists
                0x00000000      0x226
 .debug_rnglists
                0x00000000       0xb7 ./Drivers/DMA/DMA.o
 .debug_rnglists
                0x000000b7       0x5f ./Drivers/GPIO/GPIO.o
 .debug_rnglists
                0x00000116       0xca ./Drivers/USART/USART.o
 .debug_rnglists
                0x000001e0       0x13 ./Src/main.o
 .debug_rnglists
                0x000001f3       0x1a ./Src/system_stm32f4xx.o
 .debug_rnglists
                0x0000020d       0x19 ./Startup/startup_stm32f407vgtx.o

.debug_macro    0x00000000      0xb3f
 .debug_macro   0x00000000      0x269 ./Drivers/DMA/DMA.o
 .debug_macro   0x00000269      0x27b ./Drivers/GPIO/GPIO.o
 .debug_macro   0x000004e4      0x291 ./Drivers/USART/USART.o
 .debug_macro   0x00000775      0x255 ./Src/main.o
 .debug_macro   0x000009ca       0xda ./Src/system_stm32f4xx.o
 .debug_macro   0x00000aa4       0x2e ./Src/system_stm32f4xx.o
 .debug_macro   0x00000ad2       0x6d ./Src/system_stm32f4xx.o

.debug_line     0x00000000     0x57a1
 .debug_line    0x00000000     0x1e20 ./Drivers/DMA/DMA.o
 .debug_line    0x00001e20      0xb70 ./Drivers/GPIO/GPIO.o
 .debug_line    0x00002990     0x21f2 ./Drivers/USART/USART.o
 .debug_line    0x00004b82      0x673 ./Src/main.o
 .debug_line    0x000051f5      0x531 ./Src/system_stm32f4xx.o
 .debug_line    0x00005726       0x7b ./Startup/startup_stm32f407vgtx.o

.debug_str      0x00000000    0x8f827
 .debug_str     0x00000000    0x8f827 ./Drivers/DMA/DMA.o
                              0x8eb5c (size before relaxing)
 .debug_str     0x0008f827    0x8e6c6 ./Drivers/GPIO/GPIO.o
 .debug_str     0x0008f827    0x8f466 ./Drivers/USART/USART.o
 .debug_str     0x0008f827    0x8da10 ./Src/main.o
 .debug_str     0x0008f827    0x88602 ./Src/system_stm32f4xx.o
 .debug_str     0x0008f827       0x66 ./Startup/startup_stm32f407vgtx.o

.comment        0x00000000       0x43
 .comment       0x00000000       0x43 ./Drivers/DMA/DMA.o
                                 0x44 (size before relaxing)
 .comment       0x00000043       0x44 ./Drivers/GPIO/GPIO.o
 .comment       0x00000043       0x44 ./Drivers/USART/USART.o
 .comment       0x00000043       0x44 ./Src/main.o
 .comment       0x00000043       0x44 ./Src/system_stm32f4xx.o

.debug_frame    0x00000000      0x9e8
 .debug_frame   0x00000000      0x338 ./Drivers/DMA/DMA.o
 .debug_frame   0x00000338      0x1cc ./Drivers/GPIO/GPIO.o
 .debug_frame   0x00000504      0x438 ./Drivers/USART/USART.o
 .debug_frame   0x0000093c       0x28 ./Src/main.o
 .debug_frame   0x00000964       0x58 ./Src/system_stm32f4xx.o
 .debug_frame   0x000009bc       0x2c C:/ST/STM32CubeIDE_1.17.0/STM32CubeIDE/plugins/com.st.stm32cube.ide.mcu.externaltools.gnu-tools-for-stm32.13.3.rel1.win32_1.0.0.202411081344/tools/bin/../lib/gcc/arm-none-eabi/13.3.1/../../../../arm-none-eabi/lib/thumb/v7e-m+fp/hard\libc_nano.a(libc_a-init.o)

.debug_line_str
                0x00000000       0x4a
 .debug_line_str
                0x00000000       0x4a ./Startup/startup_stm32f407vgtx.o
