../Inc/main.h:150:26:Delay_us	16	static
D:/STM32F407_Projects/Ext_Logger/Drivers/GPIO/GPIO.h:71:23:GPIO_Pin_Low	16	static
D:/STM32F407_Projects/Ext_Logger/Drivers/GPIO/GPIO.h:121:23:GPIO_Pin_High	16	static
../Devices/W25Qxx/W25Qxx.c:15:13:NSS_Low	8	static
../Devices/W25Qxx/W25Qxx.c:20:13:NSS_High	8	static
../Devices/W25Qxx/W25Qxx.c:58:13:Read_Status_Register	24	static
../Devices/W25Qxx/W25Qxx.c:93:12:Write_Enable	16	static
../Devices/W25Qxx/W25Qxx.c:112:12:Write_Disable	16	static
../Devices/W25Qxx/W25Qxx.c:130:6:W25Qx_Release_Power_Down	8	static
../Devices/W25Qxx/W25Qxx.c:137:6:W25QX_Init	96	static
